// Jest Snapshot v1, https://goo.gl/fbAQLP

exports[`gcp-jwt getGCPJWT 1`] = `"eyJhbGciOiJSUzI1NiIsImtpZCI6IjY4OTVlZDUyN2U0Mjc4NjEyYzY4M2UzMWVlMjBjMTBlZmNlMTQ4NTEiLCJ0eXAiOiJKV1QifQ.eyJhdWQiOiJodHRwczovL2JhYmEiLCJpc3MiOiJjZnctcmVzdC1hcGktdGVzdDJAYXhhbXBsZS1wcm9qZWN0LmlhbS5nc2VydmljZWFjY291bnQuY29tIiwic3ViIjoiY2Z3LXJlc3QtYXBpLXRlc3QyQGF4YW1wbGUtcHJvamVjdC5pYW0uZ3NlcnZpY2VhY2NvdW50LmNvbSIsImlhdCI6MTUzMDUxODIwNywiZXhwIjoxNTMwNTIxODA3LCJzY29wZSI6IiJ9.qpLIfzV2c9axFlDkIrK134Xn5NiiFpc6W270UuOUREkNnWyy--VQJe8cLalbqaoezYmiNntM-CwL2Xg-mqQbw24iBwVbJfPgx-cBUAZOi3kQYWY6FDawIPv7bCWFmQ38OflHy1PDH8OpdzfWPiqAQJ8rKub7kw1rnyKQjioSSYNjO6sT5koZB_jdxmcYTtz2Nv8SNsaMO_VXu-hosucvPNCA3ohqf6as_g5k0rl7h4NU-i8zJMj2oOslWPYGSJyxNnY9EsAUc6v2LVJr7YnmzQCk_xK4u5J3gHX4zsbgg7msHZDZQEJTw_lEOvYt_DRFzCdZrmLO_qa76SvJcT8gMQ"`;
