// Jest Snapshot v1, https://goo.gl/fbAQLP

exports[`gcp-jwt getGCPJWT 1`] = `"eyJhbGciOiJSUzI1NiIsImtpZCI6IjY4OTVlZDUyN2U0Mjc4NjEyYzY4M2UzMWVlMjBjMTBlZmNlMTQ4NTEiLCJ0eXAiOiJKV1QifQ.eyJhdWQiOiJodHRwczovL2JhYmEiLCJpc3MiOiJjZnctcmVzdC1hcGktdGVzdDJAYW5vbi1kdmxwLmlhbS5nc2VydmljZWFjY291bnQuY29tIiwic3ViIjoiY2Z3LXJlc3QtYXBpLXRlc3QyQGFub24tZHZscC5pYW0uZ3NlcnZpY2VhY2NvdW50LmNvbSIsImlhdCI6MTUzMDUxODIwNywiZXhwIjoxNTMwNTIxODA3fQ.abNtsrMvgKlJAFOlI3o4AZpymprc8hZMSAPjvWfUKrq-2HTrUv1l1VKXRi1GwB3XURenIBDxpQUd997Uq6gJbnqtMpRk5gmNSm__xqTsqtTK8-f7vKTaqx90SoSFATaO2aacvbI3vAQNW_Kn9LWMsAeR7fIo09fiUn-5Y3sHS4BNy5Fz8M6mftDckj_ErmGhHoaD7Ki2DKGbAKAwd2zGkVEKAPD73tRBYJtPl_bjy-cFc1MHEFJ8ZxoCFens4SyCiw1ZLBMo2UFCftvMBKXHD2M9Iw7xCC_5qlWMbYFC6vixpb2xQE4ojxB3Z0rLRtsrb9UWpvkqIow8VN6FWbaXIw"`;
