// Jest Snapshot v1, https://goo.gl/fbAQLP

exports[`gcp-jwt getGCPJWT 1`] = `"eyJhbGciOiJSUzI1NiIsImtpZCI6IjY4OTVlZDUyN2U0Mjc4NjEyYzY4M2UzMWVlMjBjMTBlZmNlMTQ4NTEiLCJ0eXAiOiJKV1QifQ.eyJhdWQiOiJodHRwczovL2JhYmEiLCJpc3MiOiJjZnctcmVzdC1hcGktdGVzdDJAYXhhbXBsZS1wcm9qZWN0LmlhbS5nc2VydmljZWFjY291bnQuY29tIiwic3ViIjoiY2Z3LXJlc3QtYXBpLXRlc3QyQGF4YW1wbGUtcHJvamVjdC5pYW0uZ3NlcnZpY2VhY2NvdW50LmNvbSIsImlhdCI6MTUzMDUxODIwNywiZXhwIjoxNTMwNTIxODA3fQ.imaBlJI2H-CEnKLSSpOQuZ7EkOrCciV8ib5CyL0R4rqjBYsplyfXUw-Nf90ZxBxjcG1_OCdYJ0y7zX4X453tRqGdebKu8qx1-Lfya4f6wj4gxiUbJUoEy7-BURfR5LoSlcaYAOuJxzJyl1l7HnipPaCp-zS2ln9VuFWPCz3xjObsQHIKB14dk3GhAw2Nsk27D8-h27Iiygi3B8L-kB2aoUJZb93ve9qZPZ58lzngZBsQK3PXJX_wp8PLgyc1d5XUCmtlUEYRCrOGX94ABkuNZSFsfAIgsW3o1MU15e2_k5X_zeMzpJYD3K7bXu9EwHn3-ofedxuebiCobNBKnJ-WTw"`;
