// Jest Snapshot v1, https://goo.gl/fbAQLP

exports[`workers-jwt getToken 1`] = `"eyJraWQiOiI2ODk1ZWQ1MjdlNDI3ODYxMmM2ODNlMzFlZTIwYzEwZWZjZTE0ODUxIiwiYWxnIjoiUlMyNTYiLCJ0eXAiOiJKV1QifQ.eyJpc3MiOiJjZnctcmVzdC1hcGktdGVzdDJAYXhhbXBsZS1wcm9qZWN0LmlhbS5nc2VydmljZWFjY291bnQuY29tIiwic3ViIjoiY2Z3LXJlc3QtYXBpLXRlc3QyQGF4YW1wbGUtcHJvamVjdC5pYW0uZ3NlcnZpY2VhY2NvdW50LmNvbSIsImlhdCI6MTUzMDUxODIwNywiZXhwIjoxNTMwNTIxODA3LCJhdWQiOiJodHRwczovL3NhZ2kuaW8iLCJzY29wZSI6ImJsYTp4eXoifQ.2O7XdioECt0v2rkuCXnEWgMoB/YscrzgERsRmJOdSKciMJM7g4m1x6YYBqUk4jzN98NszmaxRv+p7Ww8P6ILXR+vKCdjDHkSgqTAW7kleNTQS/wwnoLG0FGBPpSt/XeK1VZTh/DtrIjJkJRwDjjFnMbLCOlumph5ETWeWX7o4PDPriXnSkpz3/KQ8tvOZ31b0OGCp4oO+jmreUXbdHnu2uQObr1JRgqqvMd25vgaeznTfZPozm+gGSGSPcvR0V3lMhTE9Jp/JCsJ93wIG/tBqyHA57aCbyUGHObij5JR5A9ngwFiZEA1cXx/uhSJ/H2KvBFXLW+J8Uy9GYTQXKqDdQ"`;

exports[`workers-jwt getToken; No crypto implementation 1`] = `"@sagi.io/workers-jwt: No crypto nor cryptoImpl were found."`;

exports[`workers-jwt getToken; Unsupported algorithm 1`] = `"@sagi.io/workers-jwt: Unsupported algorithm ES256."`;

exports[`workers-jwt getTokenFromGCPServiceAccount 1`] = `"eyJraWQiOiI2ODk1ZWQ1MjdlNDI3ODYxMmM2ODNlMzFlZTIwYzEwZWZjZTE0ODUxIiwiYWxnIjoiUlMyNTYiLCJ0eXAiOiJKV1QifQ.eyJhdWQiOiJodHRwczovL3NhZ2kuaW8iLCJpc3MiOiJjZnctcmVzdC1hcGktdGVzdDJAYXhhbXBsZS1wcm9qZWN0LmlhbS5nc2VydmljZWFjY291bnQuY29tIiwic3ViIjoiY2Z3LXJlc3QtYXBpLXRlc3QyQGF4YW1wbGUtcHJvamVjdC5pYW0uZ3NlcnZpY2VhY2NvdW50LmNvbSIsImlhdCI6MTUzMDUxODIwNywiZXhwIjoxNTMwNTIxODA3LCJzY29wZSI6ImJsYTp4eXoifQ.QAlhoyzrTw1s087+CwohPgdZ9KSFckeCkQJU5sVN1oA0AMKoHXopk8DQdyyqGSBSrEGfKz127Kdc4BahMpSvsOuA6rpCiT7KxOv4skPm8fVGRA2Gw6hcDWpJTBmk7XZAXTxjIHR1YGbv3g9KNC6/d4aTvr3/mOJTjlDFsvIGtuHKMGDfDxHLk3ctE1V911MfouCyJdCS73+abRyvHETLcRREg11vWUWy+5ELR2kLbfsvBcQOfthV2Oqv94kJaxeE9kV5uqR+SR+gGSmzWqFQXScHXBSDZ+3+7FYPdBEHk1LcCq71iHbmTLdl5EgJCc88N381Ad5QTpVCvXt45uA8Rg"`;

exports[`workers-jwt getTokenFromGCPServiceAccount 2`] = `"eyJraWQiOiI2ODk1ZWQ1MjdlNDI3ODYxMmM2ODNlMzFlZTIwYzEwZWZjZTE0ODUxIiwiYWxnIjoiUlMyNTYiLCJ0eXAiOiJKV1QifQ.eyJhdWQiOiJodHRwczovL3NhZ2kuaW8iLCJpc3MiOiJjZnctcmVzdC1hcGktdGVzdDJAYXhhbXBsZS1wcm9qZWN0LmlhbS5nc2VydmljZWFjY291bnQuY29tIiwic3ViIjoiY2Z3LXJlc3QtYXBpLXRlc3QyQGF4YW1wbGUtcHJvamVjdC5pYW0uZ3NlcnZpY2VhY2NvdW50LmNvbSIsImlhdCI6MTUzMDUxODIwNywiZXhwIjoxNTMwNTIxODA3fQ.HnSyPhoyozHWX6m007AFamZkQsrDW6pWBE9bjaV3vLOxbPmrHoF3ISkFMYYlDFCbV0IeWeri/IYFex1etM7vvcKpNmUkabsariI6zPVxvdJqu+vwx5ckgVJMt1UBHS9SF1athhllzYY0VvEFNbSaVjgQbClJC3VJYJKaY33r3Y7xUX1xoCBb+9KQkBtv5ck9xI6E6DPEAlFdES6fyjvEpY1s1Bdp4yTtsxgD9ZW/062s7HYYXokFArp3/ZSma/jDk5BvyCLFKCL3Ml05u46emMwwBrnexx+axSgMQhKb51sWpkzIg/uFQDcX8M7iR+7rGy7co8hFPXNRSdn80GPiRg"`;

exports[`workers-jwt getTokenFromGCPServiceAccount; No crypto implementation 1`] = `"@sagi.io/workers-jwt: No crypto nor cryptoImpl were found."`;
